=== 0 ===
"Usage:
"inserter.h"
#include
%d
%s
&choice,
&s)
**argv)
*e
*head)
*heads[n];
*next
*s;
//
0;
1)
1;
2)
<
<assert.h>
<item>.
<list-number>
<stdint.h>
<stdio.h>
<stdlib.h>
=
==
===\n",
>
Inserter
With
Without
[n]\n",
argc,
argument
argv[0]);
atoi(argv[1]);
builds
char
choice
e
e->next)
e;
element
else
for(int
for(struct
format
fprintf(stderr,
free(head);
free(head->string);
free(s);
head
head->next;
heads[i]
heads[i];
i
i);
i++)
if(argc
if(n
input
ins[i]
ins[n];
inserterAdd(ins[choice],
inserterCreate(&heads[i]);
inserterDestroy(ins[i]);
inserters
int
list
listDestroy(heads[i]);
listDestroy(struct
lists,
main(int
n
n,
n;
next;
no
number
numbers.
of
on
one
optional
out
printf("===
puts(e->string);
return
s);
static
struct
void
while(head)
while(scanf("%d%ms",
while(scanf("%ms",
with
words
{
}
